0
Co&mmon Fluids
      ACETONE.FLD
      AMMONIA.FLD
      ARGON.FLD
      BENZENE.FLD
      BUTANE.FLD
      C12.FLD
      CO.FLD
      CO2.FLD
      CYCLOHEX.FLD
      CYCLOPEN.FLD
      DECANE.FLD
      DME.FLD
      ETHANE.FLD
      ETHANOL.FLD
      ETHYLENE.FLD
      H2S.FLD
      HELIUM.FLD
      HEPTANE.FLD
      HEXANE.FLD
      HYDROGEN.FLD
      IPENTANE.FLD
      ISOBUTAN.FLD
      KRYPTON.FLD
      METHANE.FLD
      METHANOL.FLD
      N2O.FLD
      NEON.FLD
      NITROGEN.FLD
      NONANE.FLD
      OCTANE.FLD
      OXYGEN.FLD
      PARAHYD.FLD
      PENTANE.FLD
      PROPANE.FLD
      PROPYLEN.FLD
      R123.FLD
      R1234YF.FLD
      R1234ZE.FLD
      R125.FLD
      R134A.FLD
      R143A.FLD
      R152A.FLD
      R22.FLD
      R227EA.FLD
      R23.FLD
      R245FA.FLD
      R32.FLD
      SF6.FLD
      SO2.FLD
      TOLUENE.FLD
      WATER.FLD
      XENON.FLD
&Refrigerants
      AMMONIA.FLD
      BUTANE.FLD
      CO2.FLD
      ISOBUTAN.FLD
      PROPANE.FLD
      R11.FLD
      R113.FLD
      R114.FLD
      R115.FLD
      R116.FLD
      R12.FLD
      R123.FLD
      R1234YF.FLD
      R1234ZE.FLD
      R124.FLD
      R125.FLD
      R13.FLD
      R134A.FLD
      R14.FLD
      R141B.FLD
      R142B.FLD
      R143A.FLD
      R152A.FLD
      R161.FLD
      R218.FLD
      R22.FLD
      R227EA.FLD
      R23.FLD
      R236EA.FLD
      R236FA.FLD
      R245CA.FLD
      R245FA.FLD
      R32.FLD
      R365MFC.FLD
      R41.FLD
      RC318.FLD
Natural &Gas Fluids
      ARGON.FLD
      BENZENE.FLD
      BUTANE.FLD
      C12.FLD
      CO.FLD
      CO2.FLD
      CYCLOHEX.FLD
      DECANE.FLD
      ETHANE.FLD
      ETHANOL.FLD
      ETHYLENE.FLD
      H2S.FLD
      HELIUM.FLD
      HEPTANE.FLD
      HEXANE.FLD
      HYDROGEN.FLD
      IHEXANE.FLD
      IPENTANE.FLD
      ISOBUTAN.FLD
      METHANE.FLD
      METHANOL.FLD
      NITROGEN.FLD
      NONANE.FLD
      OCTANE.FLD
      OXYGEN.FLD
      PENTANE.FLD
      PROPANE.FLD
      PROPYLEN.FLD
      TOLUENE.FLD
      WATER.FLD
Cr&yogens
      ARGON.FLD
      CO.FLD
      D2.FLD
      HELIUM.FLD
      HYDROGEN.FLD
      KRYPTON.FLD
      METHANE.FLD
      NEON.FLD
      NITROGEN.FLD
      OXYGEN.FLD
      PARAHYD.FLD
Cali&bration Fluids
      ARGON.FLD
      CO2.FLD
      ETHANE.FLD
      ETHYLENE.FLD
      METHANE.FLD
      NITROGEN.FLD
      PROPANE.FLD
      PROPYLEN.FLD
      R125.FLD
      R134A.FLD
      WATER.FLD
GERG and AGA&8 Fluids
      ARGON.FLD
      BUTANE.FLD
      CO.FLD
      CO2.FLD
      DECANE.FLD
      ETHANE.FLD
      H2S.FLD
      HELIUM.FLD
      HEPTANE.FLD
      HEXANE.FLD
      HYDROGEN.FLD
      IPENTANE.FLD
      ISOBUTAN.FLD
      METHANE.FLD
      NITROGEN.FLD
      NONANE.FLD
      OCTANE.FLD
      OXYGEN.FLD
      PENTANE.FLD
      PROPANE.FLD
      WATER.FLD
